[clihub panic] panicked at src\ui\terminal.rs:351:14:
index out of bounds: the len is 0 but the index is 18446744073709551615
   0: std::backtrace_rs::backtrace::win64::trace
             at /rustc/e408947bfd200af42db322daf0fadfe7e26d3bd1/library\std\src\..\..\backtrace\src\backtrace\win64.rs:85
   1: std::backtrace_rs::backtrace::trace_unsynchronized
             at /rustc/e408947bfd200af42db322daf0fadfe7e26d3bd1/library\std\src\..\..\backtrace\src\backtrace\mod.rs:66
   2: std::backtrace::Backtrace::create
             at /rustc/e408947bfd200af42db322daf0fadfe7e26d3bd1/library\std\src\backtrace.rs:331
   3: std::backtrace::Backtrace::force_capture
             at /rustc/e408947bfd200af42db322daf0fadfe7e26d3bd1/library\std\src\backtrace.rs:312
   4: clihub::main
   5: std::panicking::panic_with_hook
             at /rustc/e408947bfd200af42db322daf0fadfe7e26d3bd1/library\std\src\panicking.rs:833
   6: std::panicking::panic_handler::closure$0
             at /rustc/e408947bfd200af42db322daf0fadfe7e26d3bd1/library\std\src\panicking.rs:698
   7: std::sys::backtrace::__rust_end_short_backtrace<std::panicking::panic_handler::closure_env$0,never$>
             at /rustc/e408947bfd200af42db322daf0fadfe7e26d3bd1/library\std\src\sys\backtrace.rs:182
   8: std::panicking::panic_handler
             at /rustc/e408947bfd200af42db322daf0fadfe7e26d3bd1/library\std\src\panicking.rs:689
   9: core::panicking::panic_fmt
             at /rustc/e408947bfd200af42db322daf0fadfe7e26d3bd1/library\core\src\panicking.rs:80
  10: core::panicking::panic_bounds_check
             at /rustc/e408947bfd200af42db322daf0fadfe7e26d3bd1/library\core\src\panicking.rs:271
  11: clihub::ui::terminal::show
  12: egui::ui::Ui::scope_dyn
  13: egui::ui::Ui::horizontal_with_main_wrap_dyn
  14: clihub::ui::terminal::show
  15: <&T as core::fmt::Debug>::fmt
  16: core::ops::function::FnOnce::call_once{{vtable.shim}}
  17: egui::containers::frame::Frame::show_dyn
  18: egui::containers::panel::CentralPanel::show_inside_dyn
  19: <clihub::app::HubApp as eframe::epi::App>::ui
  20: egui::context::Context::run_ui_dyn
  21: eframe::native::epi_integration::EpiIntegration::update
  22: <eframe::native::wgpu_integration::WgpuWinitApp as eframe::native::winit_integration::WinitApp>::run_ui_and_paint
  23: eframe::native::event_loop_context::with_event_loop_context
  24: winit::platform_impl::windows::event_loop::EventLoop<T>::run_on_demand::{{closure}}
  25: winit::platform_impl::windows::event_loop::runner::EventLoopRunner<T>::send_event
  26: winit::platform_impl::windows::event_loop::runner::EventLoopRunner<T>::send_event
  27: winit::platform_impl::windows::event_loop::public_window_callback_inner::{{closure}}
  28: winit::platform_impl::windows::event_loop::runner::EventLoopRunner<T>::catch_unwind
  29: winit::platform_impl::windows::event_loop::public_window_callback
  30: CallWindowProcW
  31: CallWindowProcW
  32: accesskit_windows::subclass::SubclassImpl::install
  33: CallWindowProcW
  34: SendMessageW
  35: GetWindowDpiAwarenessContext
  36: KiUserCallbackDispatcher
  37: NtUserDispatchMessage
  38: IsWindowUnicode
  39: winit::platform_impl::windows::event_loop::EventLoop<T>::dispatch_peeked_messages
  40: winit::platform_impl::windows::event_loop::EventLoop<T>::run_on_demand
  41: eframe::native::run::run_and_return
  42: std::thread::local::LocalKey<T>::with
  43: eframe::native::run::run_wgpu
  44: eframe::run_native_ext
  45: eframe::run_native
  46: clihub::main
  47: std::sys::backtrace::__rust_begin_short_backtrace
  48: std::rt::lang_start::{{closure}}
  49: std::rt::lang_start_internal::closure$0
             at /rustc/e408947bfd200af42db322daf0fadfe7e26d3bd1/library\std\src\rt.rs:175
  50: std::panicking::catch_unwind::do_call
             at /rustc/e408947bfd200af42db322daf0fadfe7e26d3bd1/library\std\src\panicking.rs:581
  51: std::panicking::catch_unwind
             at /rustc/e408947bfd200af42db322daf0fadfe7e26d3bd1/library\std\src\panicking.rs:544
  52: std::panic::catch_unwind
             at /rustc/e408947bfd200af42db322daf0fadfe7e26d3bd1/library\std\src\panic.rs:359
  53: std::rt::lang_start_internal
             at /rustc/e408947bfd200af42db322daf0fadfe7e26d3bd1/library\std\src\rt.rs:171
  54: main
  55: invoke_main
             at D:\a\_work\1\s\src\vctools\crt\vcstartup\src\startup\exe_common.inl:78
  56: __scrt_common_main_seh
             at D:\a\_work\1\s\src\vctools\crt\vcstartup\src\startup\exe_common.inl:288
  57: BaseThreadInitThunk
  58: RtlUserThreadStart
